Create poem.txt, then fill it up
@KaiquanMah ➜ /workspaces/utu-tools-for-programming (main) $ pwd
/workspaces/utu-tools-for-programming
@KaiquanMah ➜ /workspaces/utu-tools-for-programming (main) $ ls
LICENSE  README.md  week-1  week-2-exercise-1
@KaiquanMah ➜ /workspaces/utu-tools-for-programming (main) $ mkdir week-2-exercise-2
@KaiquanMah ➜ /workspaces/utu-tools-for-programming (main) $ cd week-2-exercise-2
@KaiquanMah ➜ /workspaces/utu-tools-for-programming/week-2-exercise-2 (main) $ touch poem.txt






Commit changes to GitHub
@KaiquanMah ➜ /workspaces/utu-tools-for-programming (main) $ git status
On branch main
Your branch is up to date with 'origin/main'.

Untracked files:
  (use "git add <file>..." to include in what will be committed)
        week-2-exercise-2/

nothing added to commit but untracked files present (use "git add" to track)
@KaiquanMah ➜ /workspaces/utu-tools-for-programming (main) $ git add .
@KaiquanMah ➜ /workspaces/utu-tools-for-programming (main) $ git status
On branch main
Your branch is up to date with 'origin/main'.

Changes to be committed:
  (use "git restore --staged <file>..." to unstage)
        new file:   week-2-exercise-2/poem.txt
        new file:   week-2-exercise-2/week2ex2-commands.txt

@KaiquanMah ➜ /workspaces/utu-tools-for-programming (main) $ git commit -m "week2-exercise-2 poem.txt n command workings"
@KaiquanMah ➜ /workspaces/utu-tools-for-programming (main) $ git push origin main


