@KaiquanMah ➜ /workspaces/utu-tools-for-programming (main) $ pwd
/workspaces/utu-tools-for-programming
@KaiquanMah ➜ /workspaces/utu-tools-for-programming (main) $ ls
LICENSE  README.md
@KaiquanMah ➜ /workspaces/utu-tools-for-programming (main) $ java -version
openjdk version "21.0.7" 2025-04-15 LTS
OpenJDK Runtime Environment Microsoft-11369942 (build 21.0.7+6-LTS)
OpenJDK 64-Bit Server VM Microsoft-11369942 (build 21.0.7+6-LTS, mixed mode, sharing)





@KaiquanMah ➜ /workspaces/utu-tools-for-programming (main) $ touch Longest.java
@KaiquanMah ➜ /workspaces/utu-tools-for-programming (main) $ code Longest.java
@KaiquanMah ➜ /workspaces/utu-tools-for-programming (main) $ git status
On branch main
Your branch is up to date with 'origin/main'.

Untracked files:
  (use "git add <file>..." to include in what will be committed)
        week-1/

nothing added to commit but untracked files present (use "git add" to track)




@KaiquanMah ➜ /workspaces/utu-tools-for-programming (main) $ git add .
@KaiquanMah ➜ /workspaces/utu-tools-for-programming (main) $ git status
On branch main
Your branch is up to date with 'origin/main'.

Changes to be committed:
  (use "git restore --staged <file>..." to unstage)
        new file:   week-1/FixMe.java
        new file:   week-1/Longest.java

@KaiquanMah ➜ /workspaces/utu-tools-for-programming (main) $ git commit -m "week-1 Longest.java, FixMe.java"
[main 9dd4706] week-1 Longest.java, FixMe.java
 2 files changed, 63 insertions(+)
 create mode 100644 week-1/FixMe.java
 create mode 100644 week-1/Longest.java
@KaiquanMah ➜ /workspaces/utu-tools-for-programming (main) $ git push origin main
Enumerating objects: 6, done.
Counting objects: 100% (6/6), done.
Delta compression using up to 2 threads
Compressing objects: 100% (5/5), done.
Writing objects: 100% (5/5), 1.15 KiB | 1.15 MiB/s, done.
Total 5 (delta 1), reused 0 (delta 0), pack-reused 0 (from 0)
remote: Resolving deltas: 100% (1/1), completed with 1 local object.
To https://github.com/KaiquanMah/utu-tools-for-programming
   dfdc78c..9dd4706  main -> main
@KaiquanMah ➜ /workspaces/utu-tools-for-programming (main) $ git status
On branch main
Your branch is up to date with 'origin/main'.

nothing to commit, working tree clean









@KaiquanMah ➜ /workspaces/utu-tools-for-programming (main) $ git add .
@KaiquanMah ➜ /workspaces/utu-tools-for-programming (main) $ git commit -m "week1 FixMe.java - fix neg logic"
[main 98fd3df] week1 FixMe.java - fix neg logic
 1 file changed, 3 insertions(+), 1 deletion(-)
@KaiquanMah ➜ /workspaces/utu-tools-for-programming (main) $ git push origin main
Enumerating objects: 7, done.
Counting objects: 100% (7/7), done.
Delta compression using up to 2 threads
Compressing objects: 100% (4/4), done.
Writing objects: 100% (4/4), 509 bytes | 509.00 KiB/s, done.
Total 4 (delta 2), reused 0 (delta 0), pack-reused 0 (from 0)
remote: Resolving deltas: 100% (2/2), completed with 2 local objects.
To https://github.com/KaiquanMah/utu-tools-for-programming
   9dd4706..98fd3df  main -> main